Compiling lib\main.dart for the Web...                          
flutter : Wasm dry run succeeded. Consider building and testing your application with the `--wasm` flag. See docs for 
more info: https://docs.flutter.dev/platform-integration/web/wasm
Au caractère Ligne:1 : 1
+ flutter build web --no-tree-shake-icons 2>&1 | Out-File -FilePath bui ...
+ ~~~~~~~~~~~~~~~~~~~~~~~~~~~~~~~~~~~~~~~~~~~~
    + CategoryInfo          : NotSpecified: (Wasm dry run su...ration/web/wasm:String) [], RemoteException
    + FullyQualifiedErrorId : NativeCommandError
 
Use --no-wasm-dry-run to disable these warnings.
Target dart2js failed: ProcessException: Process exited abnormally with exit code 1:
lib/core/services/pdf_export_service.dart:201:94:
Error: Constant evaluation error:
            pw.Text(DateFormat('dd MMMM yyyy', 'fr_FR').format(DateTime.now()), style: const pw.TextStyle(color: 
PdfColor(0x6B, 0x6B, 0x63))),
                                                                                          ^
/C:/Users/MN%20COMPUTERS/AppData/Local/Pub/Cache/hosted/pub.dev/pdf-3.12.0/lib/src/pdf/color.dart:24:23:
Info: This assertion failed.
    : assert(red >= 0 && red <= 1),
                      ^
lib/core/services/pdf_export_service.dart:220:22:
Error: Constant evaluation error:
        style: const pw.TextStyle(color: PdfColor(0x6B, 0x6B, 0x63), fontSize: 10),
                     ^
/C:/Users/MN%20COMPUTERS/AppData/Local/Pub/Cache/hosted/pub.dev/pdf-3.12.0/lib/src/pdf/color.dart:24:23:
Info: This assertion failed.
    : assert(red >= 0 && red <= 1),
                      ^
lib/core/services/pdf_export_service.dart:275:85:
Error: Constant evaluation error:
            pw.Text('[${rapport.photos.length} photo(s) attach├â┬®e(s)]', style: const pw.TextStyle(color: 
PdfColor(0x6B, 0x6B, 0x63), fontSize: 10, fontStyle: pw.FontStyle.italic)),
                                                                                    ^
/C:/Users/MN%20COMPUTERS/AppData/Local/Pub/Cache/hosted/pub.dev/pdf-3.12.0/lib/src/pdf/color.dart:24:23:
Info: This assertion failed.
    : assert(red >= 0 && red <= 1),
                      ^
Error: Compilation failed.
  Command: C:\flutter\flutter\bin\cache\dart-sdk\bin\dart.exe compile js 
--platform-binaries=C:\flutter\flutter\bin\cache\flutter_web_sdk\kernel --invoker=flutter_tool -Ddart.vm.product=true 
-DFLUTTER_VERSION=3.41.4 -DFLUTTER_CHANNEL=stable -DFLUTTER_GIT_URL=https://github.com/flutter/flutter.git 
-DFLUTTER_FRAMEWORK_REVISION=ff37bef603 -DFLUTTER_ENGINE_REVISION=e4b8dca3f1 -DFLUTTER_DART_VERSION=3.11.1 
-DFLUTTER_WEB_USE_SKIA=true -DFLUTTER_WEB_USE_SKWASM=false 
-DFLUTTER_WEB_CANVASKIT_URL=https://www.gstatic.com/flutter-canvaskit/e4b8dca3f1b4ede4c30371002441c88c12187ed6/ 
--native-null-assertions --no-source-maps -O4 --minify -o 
C:\tmp\chantier_track\.dart_tool\flutter_build\bced3c5b089a25b05b65a2afa483b744\app.dill 
--packages=C:\tmp\chantier_track\.dart_tool\package_config.json --cfe-only 
C:\tmp\chantier_track\.dart_tool\flutter_build\bced3c5b089a25b05b65a2afa483b744\main.dart
#0      RunResult.throwException (package:flutter_tools/src/base/process.dart:153:5)
#1      _DefaultProcessUtils.run (package:flutter_tools/src/base/process.dart:379:19)
<asynchronous suspension>
#2      Dart2JSTarget.build (package:flutter_tools/src/build_system/targets/web.dart:208:5)
<asynchronous suspension>
#3      _BuildInstance._invokeInternal (package:flutter_tools/src/build_system/build_system.dart:937:9)
<asynchronous suspension>
#4      Future.wait.<anonymous closure> (dart:async/future.dart:546:21)
<asynchronous suspension>
#5      _BuildInstance.invokeTarget (package:flutter_tools/src/build_system/build_system.dart:875:32)
<asynchronous suspension>
#6      Future.wait.<anonymous closure> (dart:async/future.dart:546:21)
<asynchronous suspension>
#7      _BuildInstance.invokeTarget (package:flutter_tools/src/build_system/build_system.dart:875:32)
<asynchronous suspension>
#8      FlutterBuildSystem.build (package:flutter_tools/src/build_system/build_system.dart:684:16)
<asynchronous suspension>
#9      WebBuilder.buildWeb (package:flutter_tools/src/web/compile.dart:107:34)
<asynchronous suspension>
#10     BuildWebCommand.runCommand (package:flutter_tools/src/commands/build_web.dart:300:5)
<asynchronous suspension>
#11     FlutterCommand.run.<anonymous closure> (package:flutter_tools/src/runner/flutter_command.dart:1590:27)
<asynchronous suspension>
#12     AppContext.run.<anonymous closure> (package:flutter_tools/src/base/context.dart:154:19)
<asynchronous suspension>
#13     CommandRunner.runCommand (package:args/command_runner.dart:212:13)
<asynchronous suspension>
#14     FlutterCommandRunner.runCommand.<anonymous closure> 
(package:flutter_tools/src/runner/flutter_command_runner.dart:496:9)
<asynchronous suspension>
#15     AppContext.run.<anonymous closure> (package:flutter_tools/src/base/context.dart:154:19)
<asynchronous suspension>
#16     FlutterCommandRunner.runCommand (package:flutter_tools/src/runner/flutter_command_runner.dart:431:5)
<asynchronous suspension>
#17     FlutterCommandRunner.run.<anonymous closure> 
(package:flutter_tools/src/runner/flutter_command_runner.dart:307:33)
<asynchronous suspension>
#18     run.<anonymous closure>.<anonymous closure> (package:flutter_tools/runner.dart:104:11)
<asynchronous suspension>
#19     AppContext.run.<anonymous closure> (package:flutter_tools/src/base/context.dart:154:19)
<asynchronous suspension>
#20     main (package:flutter_tools/executable.dart:103:3)
<asynchronous suspension>

Compiling lib\main.dart for the Web...                            170,4s
Error: Failed to compile application for the Web.
